// Jest Snapshot v1, https://goo.gl/fbAQLP

exports[`Tests in < FirstApp /> Component It should show <FirstApp /> component correctly 1`] = `
<Fragment>
  <h1>
    Hello, I'm Toledo
  </h1>
  <p>
    I'm a subtitle
  </p>
</Fragment>
`;
